id,created_at,direction,type,amount,asset,source_amount,source_asset,counterparty,to_muxed,from_muxed,memo_type,memo,tx_hash,successful
1,2026-08-30T12:09:00Z,received,payment,25.0000000,native,,,GDYA6SPRCGPVLXFAXDJ6TFLZJ24QYAFW3CHFTUKP64CMKSWFFFIC7RB3,,,text,thanks for lunch,hash-recv-text,true
2,2026-08-30T12:08:00Z,sent,payment,50.0000000,native,,,GDYA6SPRCGPVLXFAXDJ6TFLZJ24QYAFW3CHFTUKP64CMKSWFFFIC7RB3,MDYA6SPRCGPVLXFAXDJ6TFLZJ24QYAFW3CHFTUKP64CMKSWFFFIC6AAAAAAAAAAAFJHWA,,id,3141592653,hash-sent-muxed,true
3,2026-08-30T12:07:00Z,self,path_payment_strict_send,98.7654321,USDC:GBBD47IF6LWK7P7MDEVSCWR7DPUWV3NY3DTQEVFL4NAT4AQH3ZLLFLA5,100.0000000,native,GBOSTEH5XRAMOJWXIWIPJT5P6GOW6GYXQJ7GHORK3X2Z426BWGYFTVLA,,,,,hash-self-convert,true
4,2026-08-30T12:06:00Z,sent,path_payment_strict_receive,17.5000000,USDC:GBBD47IF6LWK7P7MDEVSCWR7DPUWV3NY3DTQEVFL4NAT4AQH3ZLLFLA5,,,GDYA6SPRCGPVLXFAXDJ6TFLZJ24QYAFW3CHFTUKP64CMKSWFFFIC7RB3,,,,,hash-failed-recv,false
5,2026-08-30T12:05:00Z,received,path_payment_strict_send,,,7.0000000,USDC:GBBD47IF6LWK7P7MDEVSCWR7DPUWV3NY3DTQEVFL4NAT4AQH3ZLLFLA5,GDYA6SPRCGPVLXFAXDJ6TFLZJ24QYAFW3CHFTUKP64CMKSWFFFIC7RB3,,,,,hash-failed-send,false
6,2026-08-30T12:04:00Z,sent,account_merge,,,,,GDYA6SPRCGPVLXFAXDJ6TFLZJ24QYAFW3CHFTUKP64CMKSWFFFIC7RB3,,,,,hash-merge,true
7,2026-08-30T12:03:00Z,received,payment,12.5000000,USDC:GBBD47IF6LWK7P7MDEVSCWR7DPUWV3NY3DTQEVFL4NAT4AQH3ZLLFLA5,,,GDYA6SPRCGPVLXFAXDJ6TFLZJ24QYAFW3CHFTUKP64CMKSWFFFIC7RB3,,,,,hash-usdc,true
8,2026-08-30T12:02:00Z,received,payment,0.0000001,native,,,GDYA6SPRCGPVLXFAXDJ6TFLZJ24QYAFW3CHFTUKP64CMKSWFFFIC7RB3,,,text,"'=HYPERLINK(""http://evil"")",hash-formula,true
9,2026-08-30T12:01:00Z,received,payment,3.0000000,native,,,GDYA6SPRCGPVLXFAXDJ6TFLZJ24QYAFW3CHFTUKP64CMKSWFFFIC7RB3,,,hash,000102030405060708090a0b0c0d0e0f101112131415161718191a1b1c1d1e1f,hash-memo-hash,true
