Account: GBOSTEH5XRAMOJWXIWIPJT5P6GOW6GYXQJ7GHORK3X2Z426BWGYFTVLA
History (newest first):

2026-08-30 12:09:00 UTC  received  25.0000000 XLM  (payment)
  From: GDYA6SPRCGPVLXFAXDJ6TFLZJ24QYAFW3CHFTUKP64CMKSWFFFIC7RB3
  Memo: text "thanks for lunch"
  Tx:   hash-recv-text

2026-08-30 12:08:00 UTC  sent  50.0000000 XLM  (payment)
  To:   GDYA6SPRCGPVLXFAXDJ6TFLZJ24QYAFW3CHFTUKP64CMKSWFFFIC7RB3
  To (muxed):   MDYA6SPRCGPVLXFAXDJ6TFLZJ24QYAFW3CHFTUKP64CMKSWFFFIC6AAAAAAAAAAAFJHWA
  Memo: id 3141592653
  Tx:   hash-sent-muxed

2026-08-30 12:07:00 UTC  converted  100.0000000 XLM -> 98.7654321 USDC  (path payment)
  To:   GBOSTEH5XRAMOJWXIWIPJT5P6GOW6GYXQJ7GHORK3X2Z426BWGYFTVLA
  Tx:   hash-self-convert

2026-08-30 12:06:00 UTC  sent  ≤ 20.0000000 XLM  (path payment)  [FAILED — no funds moved]
  To:   GDYA6SPRCGPVLXFAXDJ6TFLZJ24QYAFW3CHFTUKP64CMKSWFFFIC7RB3
  Tx:   hash-failed-recv

2026-08-30 12:05:00 UTC  received  ≥ 6.5000000 XLM  (path payment)  [FAILED — no funds moved]
  From: GDYA6SPRCGPVLXFAXDJ6TFLZJ24QYAFW3CHFTUKP64CMKSWFFFIC7RB3
  Tx:   hash-failed-send

2026-08-30 12:04:00 UTC  sent  entire balance  (account merge)
  To:   GDYA6SPRCGPVLXFAXDJ6TFLZJ24QYAFW3CHFTUKP64CMKSWFFFIC7RB3
  Tx:   hash-merge

2026-08-30 12:03:00 UTC  received  12.5000000 USDC  (payment)
  From: GDYA6SPRCGPVLXFAXDJ6TFLZJ24QYAFW3CHFTUKP64CMKSWFFFIC7RB3
  Tx:   hash-usdc

2026-08-30 12:02:00 UTC  received  0.0000001 XLM  (payment)
  From: GDYA6SPRCGPVLXFAXDJ6TFLZJ24QYAFW3CHFTUKP64CMKSWFFFIC7RB3
  Memo: text "=HYPERLINK("http://evil")"
  Tx:   hash-formula

2026-08-30 12:01:00 UTC  received  3.0000000 XLM  (payment)
  From: GDYA6SPRCGPVLXFAXDJ6TFLZJ24QYAFW3CHFTUKP64CMKSWFFFIC7RB3
  Memo: hash 000102030405060708090a0b0c0d0e0f101112131415161718191a1b1c1d1e1f
  Tx:   hash-memo-hash

9 entries shown.
