{"id":"1","paging_token":"1","created_at":"2026-08-30T12:09:00Z","type":"payment","direction":"received","successful":true,"tx_hash":"hash-recv-text","ledger":1234,"amount":"25.0000000","asset":{"type":"native"},"counterparty":"GDYA6SPRCGPVLXFAXDJ6TFLZJ24QYAFW3CHFTUKP64CMKSWFFFIC7RB3","memo":{"type":"text","value":"thanks for lunch"}}
{"id":"2","paging_token":"2","created_at":"2026-08-30T12:08:00Z","type":"payment","direction":"sent","successful":true,"tx_hash":"hash-sent-muxed","ledger":1234,"amount":"50.0000000","asset":{"type":"native"},"counterparty":"GDYA6SPRCGPVLXFAXDJ6TFLZJ24QYAFW3CHFTUKP64CMKSWFFFIC7RB3","to_muxed":"MDYA6SPRCGPVLXFAXDJ6TFLZJ24QYAFW3CHFTUKP64CMKSWFFFIC6AAAAAAAAAAAFJHWA","memo":{"type":"id","value":"3141592653"}}
{"id":"3","paging_token":"3","created_at":"2026-08-30T12:07:00Z","type":"path_payment_strict_send","direction":"self","successful":true,"tx_hash":"hash-self-convert","ledger":1234,"amount":"98.7654321","asset":{"type":"credit_alphanum4","code":"USDC","issuer":"GBBD47IF6LWK7P7MDEVSCWR7DPUWV3NY3DTQEVFL4NAT4AQH3ZLLFLA5"},"source_amount":"100.0000000","source_asset":{"type":"native"},"counterparty":"GBOSTEH5XRAMOJWXIWIPJT5P6GOW6GYXQJ7GHORK3X2Z426BWGYFTVLA"}
{"id":"4","paging_token":"4","created_at":"2026-08-30T12:06:00Z","type":"path_payment_strict_receive","direction":"sent","successful":false,"tx_hash":"hash-failed-recv","ledger":1234,"amount":"17.5000000","asset":{"type":"credit_alphanum4","code":"USDC","issuer":"GBBD47IF6LWK7P7MDEVSCWR7DPUWV3NY3DTQEVFL4NAT4AQH3ZLLFLA5"},"source_asset":{"type":"native"},"source_max":"20.0000000","counterparty":"GDYA6SPRCGPVLXFAXDJ6TFLZJ24QYAFW3CHFTUKP64CMKSWFFFIC7RB3"}
{"id":"5","paging_token":"5","created_at":"2026-08-30T12:05:00Z","type":"path_payment_strict_send","direction":"received","successful":false,"tx_hash":"hash-failed-send","ledger":1234,"asset":{"type":"native"},"source_amount":"7.0000000","source_asset":{"type":"credit_alphanum4","code":"USDC","issuer":"GBBD47IF6LWK7P7MDEVSCWR7DPUWV3NY3DTQEVFL4NAT4AQH3ZLLFLA5"},"destination_min":"6.5000000","counterparty":"GDYA6SPRCGPVLXFAXDJ6TFLZJ24QYAFW3CHFTUKP64CMKSWFFFIC7RB3"}
{"id":"6","paging_token":"6","created_at":"2026-08-30T12:04:00Z","type":"account_merge","direction":"sent","successful":true,"tx_hash":"hash-merge","ledger":1234,"entire_balance":true,"counterparty":"GDYA6SPRCGPVLXFAXDJ6TFLZJ24QYAFW3CHFTUKP64CMKSWFFFIC7RB3"}
{"id":"7","paging_token":"7","created_at":"2026-08-30T12:03:00Z","type":"payment","direction":"received","successful":true,"tx_hash":"hash-usdc","ledger":1234,"amount":"12.5000000","asset":{"type":"credit_alphanum4","code":"USDC","issuer":"GBBD47IF6LWK7P7MDEVSCWR7DPUWV3NY3DTQEVFL4NAT4AQH3ZLLFLA5"},"counterparty":"GDYA6SPRCGPVLXFAXDJ6TFLZJ24QYAFW3CHFTUKP64CMKSWFFFIC7RB3"}
{"id":"8","paging_token":"8","created_at":"2026-08-30T12:02:00Z","type":"payment","direction":"received","successful":true,"tx_hash":"hash-formula","ledger":1234,"amount":"0.0000001","asset":{"type":"native"},"counterparty":"GDYA6SPRCGPVLXFAXDJ6TFLZJ24QYAFW3CHFTUKP64CMKSWFFFIC7RB3","memo":{"type":"text","value":"=HYPERLINK(\"http://evil\")"}}
{"id":"9","paging_token":"9","created_at":"2026-08-30T12:01:00Z","type":"payment","direction":"received","successful":true,"tx_hash":"hash-memo-hash","ledger":1234,"amount":"3.0000000","asset":{"type":"native"},"counterparty":"GDYA6SPRCGPVLXFAXDJ6TFLZJ24QYAFW3CHFTUKP64CMKSWFFFIC7RB3","memo":{"type":"hash","value":"000102030405060708090a0b0c0d0e0f101112131415161718191a1b1c1d1e1f"}}
